HTTP/1.0 200 OK
Server: myhttpd/1.0
Last-Modified: Mon Apr  8 07:52:10 2013
Content-Length: 154

