cksum: 35245
len: 25
ackno: 10
seqno: 100
data: Hello World!
