cksum: 19805
len: 26
ackno: 10
seqno: 101
data: Hello Michael
