cksum: 2
len: 6
ackno: 4092
seqno: 8903
data: Hello
