cksum: 13993
len: 19
ackno: 4092
seqno: 8903
data: Hello!
