cksum: 65016
len: 4864
ackno: 4092
seqno: 8903
data: Hello!
