cksum: 64495
len: 7
ackno: 4092
seqno: 8903
data: Hello!
