cksum: 64316
len: 6144
ackno: 167772160
seqno: 1677721600
data: Hello World!
