cksum: 65327
len: 6400
ackno: 167772160
seqno: 1694498816
data: Hello Michael
