###################################
# Makefile
# rdt
# CS537 - Spring 2013
# Jim Counts && Michael Ngyuen
###################################
CC = g++
TI = -I ../igloo -I ../approvals -I rdt
CFLAGS = -Wall -lpthread
CHKFLAGS = -v --inline-suppr --enable=all
STYLE = -YfDHUbps4yj -k3

all: runtest 

clean: 
	rm -f tests/*.orig tests/bin/*_tests 

runtest: tests
	./tests/bin/packet_tests
	./tests/bin/receiver_tests

tests: tests/bin tests/bin/receiver_tests tests/bin/packet_tests 

tests/bin/packet
clean: 
	rm -f tests/*.orig tests/bin/*_tests 

runtest: tests
	./tests/bin/packet_tests
	./tests/bin/receiver_tests

tests: tests/bin tests/bin/receiver_tests tests/bin/packet_tests 

tests/bin/packet