a
Distance: Infinity
Parent: NULL
Neighbors: [b, c, ]
