MyVertex
Distance: Infinity
Parent: NULL
Neighbors: []
