cksum: 6620
len: 18
ackno: 1
seqno: 1
data: Hello
