cksum: 36644
len: 21
ackno: 0
seqno: 0
data: Hello Jim
