cksum: 36388
len: 22
ackno: 0
seqno: 0
data: Hello Jim
