cksum: 6266
len: 511
ackno: 0
seqno: 0
data: Hello Michael
-----------------------------------------------------------------------------------------------------------------------------------------------------------------------------------------------------------------------------------------------------------------------------------------------------------------------------------------------------------------------------------------------------------------------------------------------------------------------------------------------------

cksum: 38923
len: 281
ackno: 0
seqno: 1
data: -------------And Jim
-------------------------------------------------------------------------------------------------------------------------------------------------------------------------------------------------------------------------------------------------------

